// Jest Snapshot v1, https://goo.gl/fbAQLP

exports[`Inline FaTag Tests. very simple tag in a list' 1`] = `
"<ul class="fa-ul">
<li><span class="fa-li"><i class="fa-user"></i></span> test001</li>
<li><span class="fa-li"><i class="fa-user"></i></span> test002</li>
<li><span class="fa-li"><i class="fa-user"></i></span> test003</li>
</ul>
"
`;
